// Jest Snapshot v1, https://goo.gl/fbAQLP

exports[`Practices container should render correctly 1`] = `
<div>
  <div
    class="container"
  >
    <div
      class="closeTools"
      role="button"
    >
      <img
        alt="tool close"
        src="close.svg"
      />
    </div>
    <div
      class="padding20"
    >
      <h1
        class="primary medium center title bold"
      >
        Guia de boas práticas
      </h1>
      <h1
        class="secondary medium center title normal"
      >
        Resumo dos Procedimentos para Auditoria TCP
      </h1>
    </div>
    <div>
      <div
        class="image"
      >
        <img
          alt="good practices"
          src="pt0.png"
        />
      </div>
      <div
        class="padding20"
      >
        <h1
          class="secondary medium center title normal"
        >
          Material Básico: 5 Copos, 1 Par de luvas, Touca, Jarra, Pincel, Papel toalha, Balança e  Tabela de programação.
        </h1>
      </div>
    </div>
    <div
      class="stepButton"
    >
      <div
        class="firtButton"
      >
        <button
          class="button primary"
          type="button"
        >
          Start
        </button>
      </div>
    </div>
  </div>
</div>
`;
