// Jest Snapshot v1, https://goo.gl/fbAQLP

exports[`Practices container should render correctly 1`] = `
<div>
  <div
    class="container"
  >
    <div
      class="header"
    >
      <div
        role="button"
      >
        <img
          alt="go back"
          src="arrow-left-white.svg"
        />
      </div>
      <img
        alt="ilustration"
        src="banner-2.svg"
      />
    </div>
    <div
      class="content"
    >
      <h1
        class="primary medium left title bold"
      >
        Read more
      </h1>
      <div
        class="pratices"
      >
        <div
          class="card"
          role="button"
          tabindex="0"
        >
          <div
            class="imageContainer"
          >
            <img
              alt="item card"
              src="banner-3.svg"
            />
          </div>
          <div
            class="content"
          >
            <h1
              class="primary medium left title bold"
            >
              Resumo dos Procedimentos para Auditoria TCP
            </h1>
            <h1
              class="secondary small right title mediumBold"
            >
              5-6 minutos de leitura
            </h1>
          </div>
        </div>
      </div>
    </div>
  </div>
</div>
`;
