// Jest Snapshot v1, https://goo.gl/fbAQLP

exports[`Home container should render correctly 1`] = `
<div>
  <div
    class="container"
  >
    <div
      class="header"
    >
      <div
        class="headerLoggout"
      >
        <img
          alt="loggout"
          src="loggout.svg"
        />
      </div>
      <div
        class="headerBanner"
      >
        <img
          alt="banner information"
          src="banner-4.svg"
        />
      </div>
    </div>
    <div
      class="borderEffect"
    />
    <div
      class="content"
    >
      <h1
        class="primary medium left title bold"
      >
        Read more
      </h1>
      <div
        class="contentMenu"
      >
        <div
          class="card"
          role="button"
          tabindex="0"
        >
          <div
            class="imageContainer"
          >
            <img
              alt="item card"
              src="coffee.svg"
            />
          </div>
          <div
            class="title"
          >
            <h1
              class="primary medium center title bold"
            >
              Equipments
            </h1>
          </div>
        </div>
        <div
          class="card"
          role="button"
          tabindex="0"
        >
          <div
            class="imageContainer"
          >
            <img
              alt="item card"
              src="book.svg"
            />
          </div>
          <div
            class="title"
          >
            <h1
              class="primary medium center title bold"
            >
              Practices Guide
            </h1>
          </div>
        </div>
      </div>
    </div>
  </div>
</div>
`;
