// Jest Snapshot v1, https://goo.gl/fbAQLP

exports[`Practice container should render correctly 1`] = `
<div>
  <div
    class="container"
  >
    <div
      class="headerClose"
      role="button"
    >
      <img
        alt="close practices"
        src="close.svg"
      />
    </div>
    <div
      class="headerPractice"
    >
      <h1
        class="primary medium center title bold null"
      >
        Resumo dos Procedimentos para Auditoria TCP
      </h1>
      <div
        class="progressPosition"
      >
        <div
          class="percent"
        >
          <svg>
            <circle
              cx="8"
              cy="8"
              r="8"
            />
            <circle
              cx="8"
              cy="8"
              data-value="25"
              r="8"
              style="stroke-dashoffset: 427.5;"
            />
          </svg>
        </div>
      </div>
    </div>
    <div
      class="content"
    >
      <div
        class="image"
      >
        <img
          alt="good practices"
          src="pt0.png"
        />
      </div>
      <h1
        class="secondary normal center title normal null"
      >
        Material Básico: 5 Copos, 1 Par de luvas, Touca, Jarra, Pincel, Papel toalha, Balança e  Tabela de programação.
      </h1>
    </div>
    <div
      class="footer"
    >
      <button
        class="button primary null"
        type="button"
      >
        Start
      </button>
    </div>
  </div>
</div>
`;
