// Jest Snapshot v1, https://goo.gl/fbAQLP

exports[`Collapse component should render correctly 1`] = `
<div>
  <div
    class="collapse"
    style="height: 65px;"
  >
    <div
      class="collapseHeader"
      role="button"
      tabindex="0"
    >
      <h1
        class="primary medium left title normal"
      >
        I am collapse component
      </h1>
      <div
        class="icon"
      >
        <img
          alt="arrow"
          src="arrow-up.svg"
        />
      </div>
    </div>
    <div
      class="collapseBody"
    >
      Lorem ipsum color, danger baba
    </div>
  </div>
</div>
`;
