// Jest Snapshot v1, https://goo.gl/fbAQLP

exports[`Equipments container should render correctly 1`] = `
<div>
  <div
    class="container"
  >
    <div
      class="header"
    >
      <div
        role="button"
      >
        <img
          alt="go back"
          src="arrow-left.svg"
        />
      </div>
      <div
        class="title"
      >
        <h1
          class="primary medium center title bold"
        >
          Equipments
        </h1>
      </div>
    </div>
    <div
      class="banner"
    >
      <div
        class="banner primary"
      >
        <img
          alt="banner information"
          src="banner-1.svg"
        />
      </div>
    </div>
    <div
      class="equipments"
    >
      <div
        class="equipmentItem"
      >
        <div
          class="card"
          role="button"
          tabindex="0"
        >
          <div
            class="imageContainer"
          >
            <img
              alt="item card"
              src="m8-60.png"
            />
          </div>
          <div
            class="title"
          >
            <h1
              class="primary medium center title bold"
            >
              A8/60
            </h1>
          </div>
        </div>
      </div>
      <div
        class="equipmentItem"
      >
        <div
          class="card"
          role="button"
          tabindex="0"
        >
          <div
            class="imageContainer"
          >
            <img
              alt="item card"
              src="m8-60.png"
            />
          </div>
          <div
            class="title"
          >
            <h1
              class="primary medium center title bold"
            >
              A7/30
            </h1>
          </div>
        </div>
      </div>
      <div
        class="equipmentItem"
      >
        <div
          class="card"
          role="button"
          tabindex="0"
        >
          <div
            class="imageContainer"
          >
            <img
              alt="item card"
              src="m8-60.png"
            />
          </div>
          <div
            class="title"
          >
            <h1
              class="primary medium center title bold"
            >
              A/50
            </h1>
          </div>
        </div>
      </div>
      <div
        class="equipmentItem"
      >
        <div
          class="card"
          role="button"
          tabindex="0"
        >
          <div
            class="imageContainer"
          >
            <img
              alt="item card"
              src="m8-60.png"
            />
          </div>
          <div
            class="title"
          >
            <h1
              class="primary medium center title bold"
            >
              A1/61
            </h1>
          </div>
        </div>
      </div>
      <div
        class="equipmentItem"
      >
        <div
          class="card"
          role="button"
          tabindex="0"
        >
          <div
            class="imageContainer"
          >
            <img
              alt="item card"
              src="m8-60.png"
            />
          </div>
          <div
            class="title"
          >
            <h1
              class="primary medium center title bold"
            >
              A8/6
            </h1>
          </div>
        </div>
      </div>
    </div>
  </div>
</div>
`;
