// Jest Snapshot v1, https://goo.gl/fbAQLP

exports[`Equipments container should render correctly 1`] = `
<div>
  <div
    class="container"
  >
    <div
      class="tools"
      role="button"
    >
      <img
        alt="tool help"
        src="help.svg"
      />
    </div>
    <div
      class="logo"
    >
      <img
        alt="company logo"
        src="logo.svg"
      />
    </div>
    <div
      class="equipments"
    >
      <div
        class="equipmentItem"
      >
        <div
          class="card"
          role="button"
          tabindex="0"
        >
          <div
            class="imageContainer"
          >
            <img
              alt="item card"
              src="m8-60.png"
            />
          </div>
          <div
            class="title"
          >
            <h1
              class="primary medium center title bold"
            >
              A8/60
            </h1>
          </div>
        </div>
      </div>
      <div
        class="equipmentItem"
      >
        <div
          class="card"
          role="button"
          tabindex="0"
        >
          <div
            class="imageContainer"
          >
            <img
              alt="item card"
              src="m8-60.png"
            />
          </div>
          <div
            class="title"
          >
            <h1
              class="primary medium center title bold"
            >
              A7/30
            </h1>
          </div>
        </div>
      </div>
      <div
        class="equipmentItem"
      >
        <div
          class="card"
          role="button"
          tabindex="0"
        >
          <div
            class="imageContainer"
          >
            <img
              alt="item card"
              src="m8-60.png"
            />
          </div>
          <div
            class="title"
          >
            <h1
              class="primary medium center title bold"
            >
              A/50
            </h1>
          </div>
        </div>
      </div>
      <div
        class="equipmentItem"
      >
        <div
          class="card"
          role="button"
          tabindex="0"
        >
          <div
            class="imageContainer"
          >
            <img
              alt="item card"
              src="m8-60.png"
            />
          </div>
          <div
            class="title"
          >
            <h1
              class="primary medium center title bold"
            >
              A1/61
            </h1>
          </div>
        </div>
      </div>
      <div
        class="equipmentItem"
      >
        <div
          class="card"
          role="button"
          tabindex="0"
        >
          <div
            class="imageContainer"
          >
            <img
              alt="item card"
              src="m8-60.png"
            />
          </div>
          <div
            class="title"
          >
            <h1
              class="primary medium center title bold"
            >
              A8/6
            </h1>
          </div>
        </div>
      </div>
    </div>
  </div>
</div>
`;
