// Jest Snapshot v1, https://goo.gl/fbAQLP

exports[`PracticeCard component should render correctly 1`] = `
<div>
  <div
    class="card"
    role="button"
    tabindex="0"
  >
    <div
      class="imageContainer primary"
    >
      <img
        alt="item card"
        src="banner-3.svg"
      />
    </div>
    <div
      class="content"
    >
      <h1
        class="primary medium left title bold"
      >
        Resumo dos Procedimentos para Auditoria TCP
      </h1>
      <h1
        class="secondary small right title mediumBold"
      >
        5-6 minutos de leitura
      </h1>
    </div>
  </div>
</div>
`;
