// Jest Snapshot v1, https://goo.gl/fbAQLP

exports[`Detail container should render correctly 1`] = `
<div>
  <div
    class="container"
  >
    <div
      role="button"
    >
      <img
        alt="go back"
        src="arrow-left.svg"
      />
    </div>
    <div
      class="productImage"
    >
      <img
        alt="product"
        src="m8-60.png"
      />
    </div>
    <h1
      class="primary large left title bold null"
    >
      A6/30
    </h1>
    <h1
      class="primary medium left title bold null"
    >
      Description
    </h1>
    <h1
      class="secondary normal left title normal null"
    >
      Maquina de café premium, criada com o mais alto padrão de qualidade, lider de venda em mais de 2.000 mil países.
    </h1>
    <div
      class="equipmentInfoContainer"
    >
      <div
        class="equipmentInfo"
      >
        <img
          alt="scale product"
          src="scale-width.svg"
        />
        <h1
          class="cardinal small center title bold null"
        >
          W 330
        </h1>
      </div>
      <div
        class="equipmentInfo"
      >
        <img
          alt="scale product"
          src="scale-height.svg"
        />
        <h1
          class="cardinal small center title bold null"
        >
          H 100
        </h1>
      </div>
      <div
        class="equipmentInfo"
      >
        <img
          alt="scale product"
          src="scale-deep.svg"
        />
        <h1
          class="cardinal small center title bold null"
        >
          D 2400
        </h1>
      </div>
      <div
        class="equipmentInfo"
      >
        <img
          alt="volts product"
          src="volts.svg"
        />
        <h1
          class="cardinal small center title bold null"
        >
          220v~ | 1600w
        </h1>
      </div>
      <div
        class="equipmentInfo"
      >
        <img
          alt="weight product"
          src="weight.svg"
        />
        <h1
          class="cardinal small center title bold null"
        >
          1.2
        </h1>
      </div>
    </div>
    <div
      class="revenuesTitle"
    >
      <h1
        class="primary medium left title bold null"
      >
        Revenues
      </h1>
    </div>
    <div
      class="revenuesContainer"
    >
      <div
        class="revenueItem"
      >
        <button
          class="button outline small"
          type="button"
        >
          AL
        </button>
      </div>
    </div>
    <div
      class="issuesTitle"
    >
      <h1
        class="primary medium left title bold null"
      >
        Errors
      </h1>
    </div>
    <div
      class="issuesContainer"
    >
      <div
        class="issueItem"
      >
        <button
          class="button secondary xsmall"
          type="button"
        >
          off 0
        </button>
      </div>
    </div>
    <div
      class="bgModal"
    >
      <div
        class="modal"
      >
        <div
          class="headerModalIssue"
        >
          <div
            class="headerModalItem"
            role="button"
          >
            <img
              alt="close modal"
              src="close.svg"
            />
          </div>
          <div
            class="headerModalItem"
          >
            <h1
              class="primary medium-1 center title normal null"
            />
          </div>
        </div>
        <div
          class="modalContentIssue"
        >
          <div
            class="issueModalContent"
          >
            <div
              class="issueModalTitle"
            >
              <h1
                class="primary large left title normal null"
              >
                Description of Problem
              </h1>
            </div>
          </div>
          <div
            class="issueModalContent"
          >
            <div
              class="issueModalTitle"
            >
              <h1
                class="primary large left title normal null"
              >
                Solution
              </h1>
            </div>
          </div>
        </div>
      </div>
    </div>
  </div>
</div>
`;
