// Jest Snapshot v1, https://goo.gl/fbAQLP

exports[`Detail container should render correctly 1`] = `
<div>
  <div
    class="container"
  >
    <div
      class="header"
    >
      <div
        class="icon"
        role="button"
      >
        <img
          alt="action go back"
          src="arrow-left.svg"
        />
      </div>
      <div
        class="logo"
      >
        <img
          alt="company logo"
          src="logo.svg"
        />
      </div>
    </div>
    <div
      class="product"
    >
      <h1
        class="primary medium right title normal"
      >
        A6/30
      </h1>
      <div
        class="productImage"
      >
        <img
          alt="product"
          src="m8-60.png"
        />
      </div>
      <div
        class="productContent"
      >
        <h1
          class="primary medium left title normal"
        >
          Description
        </h1>
        <div
          class="productInfo"
        >
          <div
            class="descriptionText"
          >
            <h1
              class="primary small left title normal"
            >
              Maquina de café premium, criada com o mais alto padrão de qualidade, lider de venda em mais de 2.000 mil países.
            </h1>
          </div>
          <div
            class="productInfoSection"
          >
            <h1
              class="primary small left title normal"
            >
              Dimension
            </h1>
            <h1
              class="primary small left title bold"
            >
              H: 100 x W: 330 x D: 2400
            </h1>
          </div>
          <div
            class="equipmentTechnical"
          >
            <div
              class="productInfoSection"
            >
              <h1
                class="primary small left title normal"
              >
                Potency / Tension
              </h1>
              <h1
                class="primary small left title bold"
              >
                220v~ / 1600w
              </h1>
            </div>
            <div
              class="productInfoSection"
            >
              <h1
                class="primary small left title normal"
              >
                Weight
              </h1>
              <h1
                class="primary small left title bold"
              >
                1.2
              </h1>
            </div>
          </div>
        </div>
      </div>
    </div>
    <div
      class="productRevenue"
    >
      <h1
        class="primary medium left title normal"
      >
        Revenues
      </h1>
    </div>
    <div
      class="productRevenueDocumet"
    >
      <div
        class="revenueGallery"
      >
        <div
          class="revenueItem"
        >
          <h1
            class="primary small left title bold"
          >
            Cod: AL
          </h1>
          <div
            class="revenuesAvatar"
          >
            <img
              alt="revenue gallery"
            />
          </div>
        </div>
      </div>
    </div>
    <div
      class="productIssue"
    >
      <div
        class="productIssueTitle"
      >
        <h1
          class="primary medium left title normal"
        >
          Errors
        </h1>
      </div>
      <div
        class="collapse"
        style="height: 65px;"
      >
        <div
          class="collapseHeader"
          role="button"
          tabindex="0"
        >
          <h1
            class="primary medium left title normal"
          >
            off 0
          </h1>
          <div
            class="icon"
          >
            <img
              alt="arrow"
              src="arrow-up.svg"
            />
          </div>
        </div>
        <div
          class="collapseBody"
        >
          <div
            class="issueSection"
          >
            <h1
              class="primary small left title bold"
            >
              Problem
            </h1>
          </div>
          <div
            class="issueSection"
          >
            <h1
              class="primary small left title bold"
            >
              Solution
            </h1>
          </div>
        </div>
      </div>
    </div>
  </div>
</div>
`;
